python : \u274c BTC-USD Orderbook EMPTY 
- skipping Maker order
In Zeile:1 Zeichen:1
+ python -m unittest 
tests/test_orderbook_validator.py > 
test_output.tx ...
+ ~~~~~~~~~~~~~~~~~~~~~~~~~~~~~~~~~~~~~~~
~~~~~~~~~~~~~~~~~~~~~~~~~~~~~~
    + CategoryInfo          : NotSpecifi 
   ed: (\u274c BTC-USD ...ing Maker ord  
  er:String) [], RemoteException
    + FullyQualifiedErrorId : NativeComm 
   andError
 
.\u274c BTC-USD Orderbook INVALID for 
BUY Maker:  Spread too wide (0.20% > 
0.005%)
FE\u274c ETH-USD Orderbook INVALID for 
BUY Maker:  Spread too wide (10.00% > 
0.005%); Insufficient asks levels (1 < 
3); Insufficient asks depth ($11.00 < 
$500.0); Low opposite side depth 
($10.00); Depth too thin for trade size 
(0.1x < 2.0x)
F\u274c BTC-USD Orderbook INVALID for 
BUY Maker:  Spread too wide (10.00% > 
0.005%); Insufficient asks levels (1 < 3)
.
=========================================
=============================
ERROR: test_recommended_price (tests.test
_orderbook_validator.TestOrderbookValidat
or.test_recommended_price)
Test price recommendation logic
-----------------------------------------
-----------------------------
Traceback (most recent call last):
  File "C:\Users\koopm\funding-bot\tests\
test_orderbook_validator.py", line 105, 
in test_recommended_price
    price = self.validator.get_recommende
d_price("BUY", bids, asks)
            ^^^^^^^^^^^^^^^^^^^^^^^^^^^^^
^^^^^^^^^^^^^^^^^^^^^^^^^^
TypeError: OrderbookValidator.get_recomme
nded_price() missing 1 required 
positional argument: 'asks'

=========================================
=============================
FAIL: test_healthy_orderbook (tests.test_
orderbook_validator.TestOrderbookValidato
r.test_healthy_orderbook)
Test validation with a healthy orderbook
-----------------------------------------
-----------------------------
Traceback (most recent call last):
  File "C:\Users\koopm\funding-bot\tests\
test_orderbook_validator.py", line 58, 
in test_healthy_orderbook
    self.assertTrue(result.is_valid)
AssertionError: False is not true

=========================================
=============================
FAIL: test_thin_orderbook (tests.test_ord
erbook_validator.TestOrderbookValidator.t
est_thin_orderbook)
Test validation with insufficient depth
-----------------------------------------
-----------------------------
Traceback (most recent call last):
  File "C:\Users\koopm\funding-bot\tests\
test_orderbook_validator.py", line 79, 
in test_thin_orderbook
    self.assertEqual(result.recommended_a
ction, "skip")
AssertionError: 'use_market_order' != 
'skip'
- use_market_order
+ skip


-----------------------------------------
-----------------------------
Ran 5 tests in 0.005s

FAILED (failures=2, errors=1)
